Component: ARM Compiler 5.06 update 7 (build 960) Tool: armlink [4d3601]

==============================================================================

Section Cross References

    main.o(i.main) refers to led.o(i.LedBlink) for LedBlink
    dio.o(i.Dio_FlipChannel) refers to dio_lcfg.o(.constdata) for channelList
    dio.o(i.Dio_ReadChannel) refers to dio_lcfg.o(.constdata) for channelList
    dio.o(i.Dio_ReadPort) refers to dio_lcfg.o(.constdata) for channelList
    dio.o(i.Dio_WriteChannel) refers to dio_lcfg.o(.constdata) for channelList
    dio.o(i.Dio_WritePort) refers to dio_lcfg.o(.constdata) for channelList
    gpt.o(i.Gpt_DisableCallback) refers to intctrl.o(i.IntCtrl_DisableInterrupt) for IntCtrl_DisableInterrupt
    gpt.o(i.Gpt_DisableCallback) refers to gpt_lcfg.o(.data) for Gpt_Config
    gpt.o(i.Gpt_EnableCallback) refers to intctrl.o(i.IntCtrl_EnableInterrupt) for IntCtrl_EnableInterrupt
    gpt.o(i.Gpt_EnableCallback) refers to gpt_lcfg.o(.data) for Gpt_Config
    gpt.o(i.Gpt_GetTimeElapsed) refers to lludivv7m.o(.text) for __aeabi_uldivmod
    gpt.o(i.Gpt_GetTimeElapsed) refers to gpt_lcfg.o(.data) for Gpt_Config
    gpt.o(i.Gpt_GetTimeRemaining) refers to lludivv7m.o(.text) for __aeabi_uldivmod
    gpt.o(i.Gpt_GetTimeRemaining) refers to gpt_lcfg.o(.data) for Gpt_Config
    gpt.o(i.Gpt_Init) refers to intctrl.o(i.IntCtrl_EnableInterrupt) for IntCtrl_EnableInterrupt
    gpt.o(i.Gpt_StartTimer) refers to gpt_lcfg.o(.data) for Gpt_Config
    gpt.o(i.Gpt_StopTimer) refers to gpt_lcfg.o(.data) for Gpt_Config
    intctrl.o(i.IntCrtl_Init) refers to intctrl_lcfg.o(.data) for IntCtrl_Config
    intctrl.o(i.IntCtrl_DisableInterrupt) refers to intctrl_lcfg.o(.data) for IntCtrl_Config
    intctrl.o(i.IntCtrl_EnableInterrupt) refers to intctrl_lcfg.o(.data) for IntCtrl_Config
    gpt_lcfg.o(i.Gpt_Callback_0) refers to dio.o(i.Dio_FlipChannel) for Dio_FlipChannel
    gpt_lcfg.o(i.Gpt_Callback_0) refers to gpt_lcfg.o(.data) for Timer0_Counter
    gpt_lcfg.o(i.Gpt_Callback_1) refers to dio.o(i.Dio_FlipChannel) for Dio_FlipChannel
    gpt_lcfg.o(i.Gpt_Callback_1) refers to gpt_lcfg.o(.data) for Timer0_Counter
    gpt_lcfg.o(i.TIMER0A_Handler) refers to gpt_lcfg.o(.data) for Gpt_Config
    gpt_lcfg.o(i.TIMER1A_Handler) refers to gpt_lcfg.o(.data) for Gpt_Config
    gpt_lcfg.o(.data) refers to gpt_lcfg.o(i.Gpt_Callback_0) for Gpt_Callback_0
    gpt_lcfg.o(.data) refers to gpt_lcfg.o(i.Gpt_Callback_1) for Gpt_Callback_1
    gpt_lcfg.o(.data) refers to gpt_lcfg.o(i.Gpt_Callback_2) for Gpt_Callback_2
    gpt_lcfg.o(.data) refers to gpt_lcfg.o(i.Gpt_Callback_3) for Gpt_Callback_3
    gpt_lcfg.o(.data) refers to gpt_lcfg.o(i.Gpt_Callback_4) for Gpt_Callback_4
    gpt_lcfg.o(.data) refers to gpt_lcfg.o(i.Gpt_Callback_5) for Gpt_Callback_5
    gpt_lcfg.o(.data) refers to gpt_lcfg.o(i.Gpt_Callback_6) for Gpt_Callback_6
    gpt_lcfg.o(.data) refers to gpt_lcfg.o(i.Gpt_Callback_7) for Gpt_Callback_7
    gpt_lcfg.o(.data) refers to gpt_lcfg.o(i.Gpt_Callback_8) for Gpt_Callback_8
    gpt_lcfg.o(.data) refers to gpt_lcfg.o(i.Gpt_Callback_9) for Gpt_Callback_9
    gpt_lcfg.o(.data) refers to gpt_lcfg.o(i.Gpt_Callback_10) for Gpt_Callback_10
    gpt_lcfg.o(.data) refers to gpt_lcfg.o(i.Gpt_Callback_11) for Gpt_Callback_11
    led.o(i.Blink_Stop) refers to gpt.o(i.Gpt_StopTimer) for Gpt_StopTimer
    led.o(i.Blink_Stop) refers to led.o(i.LedOff) for LedOff
    led.o(i.Blink_Stop) refers to led.o(.data) for timerChannle
    led.o(i.Blinking_CallBack) refers to led.o(i.toggleLed) for toggleLed
    led.o(i.Blinking_CallBack) refers to led.o(.data) for deviceChannel
    led.o(i.LedBlink) refers to led.o(i.initLED) for initLED
    led.o(i.LedBlink) refers to dio.o(i.Dio_WriteChannel) for Dio_WriteChannel
    led.o(i.LedBlink) refers to gpt.o(i.Gpt_Init) for Gpt_Init
    led.o(i.LedBlink) refers to gpt.o(i.Gpt_StartTimer) for Gpt_StartTimer
    led.o(i.LedBlink) refers to led.o(.data) for timerChannle
    led.o(i.LedBlink) refers to gpt_lcfg.o(.data) for Gpt_Config
    led.o(i.LedBlink) refers to led.o(i.Blinking_CallBack) for Blinking_CallBack
    led.o(i.LedOff) refers to dio.o(i.Dio_WriteChannel) for Dio_WriteChannel
    led.o(i.LedOn) refers to dio.o(i.Dio_WriteChannel) for Dio_WriteChannel
    led.o(i.initLED) refers to port.o(i.Port_Init) for Port_Init
    led.o(i.initLED) refers to port_lcfg.o(.constdata) for Port_ConfigType
    led.o(i.toggleLed) refers to dio.o(i.Dio_FlipChannel) for Dio_FlipChannel
    startup_tm4c123.o(STACK) refers (Special) to heapauxi.o(.text) for __use_two_region_memory
    startup_tm4c123.o(HEAP) refers (Special) to heapauxi.o(.text) for __use_two_region_memory
    startup_tm4c123.o(RESET) refers (Special) to heapauxi.o(.text) for __use_two_region_memory
    startup_tm4c123.o(RESET) refers to startup_tm4c123.o(STACK) for __initial_sp
    startup_tm4c123.o(RESET) refers to startup_tm4c123.o(.text) for Reset_Handler
    startup_tm4c123.o(RESET) refers to gpt_lcfg.o(i.TIMER0A_Handler) for TIMER0A_Handler
    startup_tm4c123.o(RESET) refers to gpt_lcfg.o(i.TIMER1A_Handler) for TIMER1A_Handler
    startup_tm4c123.o(.text) refers (Special) to heapauxi.o(.text) for __use_two_region_memory
    startup_tm4c123.o(.text) refers to system_tm4c123.o(i.SystemInit) for SystemInit
    startup_tm4c123.o(.text) refers to __main.o(!!!main) for __main
    startup_tm4c123.o(.text) refers to startup_tm4c123.o(HEAP) for Heap_Mem
    startup_tm4c123.o(.text) refers to startup_tm4c123.o(STACK) for Stack_Mem
    system_tm4c123.o(i.SystemCoreClockUpdate) refers to system_tm4c123.o(i.getOscClk) for getOscClk
    system_tm4c123.o(i.SystemCoreClockUpdate) refers to system_tm4c123.o(.data) for SystemCoreClock
    __main.o(!!!main) refers to __rtentry.o(.ARM.Collect$$rtentry$$00000000) for __rt_entry
    __rtentry.o(.ARM.Collect$$rtentry$$00000000) refers (Special) to __rtentry2.o(.ARM.Collect$$rtentry$$0000000A) for __rt_entry_li
    __rtentry.o(.ARM.Collect$$rtentry$$00000000) refers (Special) to __rtentry2.o(.ARM.Collect$$rtentry$$0000000D) for __rt_entry_main
    __rtentry.o(.ARM.Collect$$rtentry$$00000000) refers (Special) to __rtentry2.o(.ARM.Collect$$rtentry$$0000000C) for __rt_entry_postli_1
    __rtentry.o(.ARM.Collect$$rtentry$$00000000) refers (Special) to __rtentry2.o(.ARM.Collect$$rtentry$$00000009) for __rt_entry_postsh_1
    __rtentry.o(.ARM.Collect$$rtentry$$00000000) refers (Special) to __rtentry2.o(.ARM.Collect$$rtentry$$00000002) for __rt_entry_presh_1
    __rtentry.o(.ARM.Collect$$rtentry$$00000000) refers (Special) to __rtentry4.o(.ARM.Collect$$rtentry$$00000004) for __rt_entry_sh
    aeabi_ldiv0_sigfpe.o(.text) refers to rt_div0.o(.text) for __rt_div0
    __rtentry2.o(.ARM.Collect$$rtentry$$00000008) refers to boardinit2.o(.text) for _platform_post_stackheap_init
    __rtentry2.o(.ARM.Collect$$rtentry$$0000000A) refers to libinit.o(.ARM.Collect$$libinit$$00000000) for __rt_lib_init
    __rtentry2.o(.ARM.Collect$$rtentry$$0000000B) refers to boardinit3.o(.text) for _platform_post_lib_init
    __rtentry2.o(.ARM.Collect$$rtentry$$0000000D) refers to main.o(i.main) for main
    __rtentry2.o(.ARM.Collect$$rtentry$$0000000D) refers to exit.o(.text) for exit
    __rtentry2.o(.ARM.exidx) refers to __rtentry2.o(.ARM.Collect$$rtentry$$00000001) for .ARM.Collect$$rtentry$$00000001
    __rtentry2.o(.ARM.exidx) refers to __rtentry2.o(.ARM.Collect$$rtentry$$00000008) for .ARM.Collect$$rtentry$$00000008
    __rtentry2.o(.ARM.exidx) refers to __rtentry2.o(.ARM.Collect$$rtentry$$0000000A) for .ARM.Collect$$rtentry$$0000000A
    __rtentry2.o(.ARM.exidx) refers to __rtentry2.o(.ARM.Collect$$rtentry$$0000000B) for .ARM.Collect$$rtentry$$0000000B
    __rtentry2.o(.ARM.exidx) refers to __rtentry2.o(.ARM.Collect$$rtentry$$0000000D) for .ARM.Collect$$rtentry$$0000000D
    __rtentry4.o(.ARM.Collect$$rtentry$$00000004) refers to sys_stackheap_outer.o(.text) for __user_setup_stackheap
    __rtentry4.o(.ARM.exidx) refers to __rtentry4.o(.ARM.Collect$$rtentry$$00000004) for .ARM.Collect$$rtentry$$00000004
    rt_div0.o(.text) refers to defsig_fpe_outer.o(.text) for __rt_SIGFPE
    sys_stackheap_outer.o(.text) refers to libspace.o(.text) for __user_perproc_libspace
    sys_stackheap_outer.o(.text) refers to startup_tm4c123.o(.text) for __user_initial_stackheap
    exit.o(.text) refers to rtexit.o(.ARM.Collect$$rtexit$$00000000) for __rt_exit
    defsig_fpe_outer.o(.text) refers to defsig_fpe_inner.o(.text) for __rt_SIGFPE_inner
    defsig_fpe_outer.o(.text) refers to defsig_exit.o(.text) for __sig_exit
    defsig_fpe_formal.o(.text) refers to rt_raise.o(.text) for __rt_raise
    libinit.o(.ARM.Collect$$libinit$$00000000) refers (Special) to libinit2.o(.ARM.Collect$$libinit$$0000002E) for __rt_lib_init_alloca_1
    libinit.o(.ARM.Collect$$libinit$$00000000) refers (Special) to libinit2.o(.ARM.Collect$$libinit$$0000002C) for __rt_lib_init_argv_1
    libinit.o(.ARM.Collect$$libinit$$00000000) refers (Special) to libinit2.o(.ARM.Collect$$libinit$$0000001B) for __rt_lib_init_atexit_1
    libinit.o(.ARM.Collect$$libinit$$00000000) refers (Special) to libinit2.o(.ARM.Collect$$libinit$$00000021) for __rt_lib_init_clock_1
    libinit.o(.ARM.Collect$$libinit$$00000000) refers (Special) to libinit2.o(.ARM.Collect$$libinit$$00000032) for __rt_lib_init_cpp_1
    libinit.o(.ARM.Collect$$libinit$$00000000) refers (Special) to libinit2.o(.ARM.Collect$$libinit$$00000030) for __rt_lib_init_exceptions_1
    libinit.o(.ARM.Collect$$libinit$$00000000) refers (Special) to libinit2.o(.ARM.Collect$$libinit$$00000001) for __rt_lib_init_fp_1
    libinit.o(.ARM.Collect$$libinit$$00000000) refers (Special) to libinit2.o(.ARM.Collect$$libinit$$0000001F) for __rt_lib_init_fp_trap_1
    libinit.o(.ARM.Collect$$libinit$$00000000) refers (Special) to libinit2.o(.ARM.Collect$$libinit$$00000023) for __rt_lib_init_getenv_1
    libinit.o(.ARM.Collect$$libinit$$00000000) refers (Special) to libinit2.o(.ARM.Collect$$libinit$$0000000A) for __rt_lib_init_heap_1
    libinit.o(.ARM.Collect$$libinit$$00000000) refers (Special) to libinit2.o(.ARM.Collect$$libinit$$00000011) for __rt_lib_init_lc_collate_1
    libinit.o(.ARM.Collect$$libinit$$00000000) refers (Special) to libinit2.o(.ARM.Collect$$libinit$$00000013) for __rt_lib_init_lc_ctype_1
    libinit.o(.ARM.Collect$$libinit$$00000000) refers (Special) to libinit2.o(.ARM.Collect$$libinit$$00000015) for __rt_lib_init_lc_monetary_1
    libinit.o(.ARM.Collect$$libinit$$00000000) refers (Special) to libinit2.o(.ARM.Collect$$libinit$$00000017) for __rt_lib_init_lc_numeric_1
    libinit.o(.ARM.Collect$$libinit$$00000000) refers (Special) to libinit2.o(.ARM.Collect$$libinit$$00000019) for __rt_lib_init_lc_time_1
    libinit.o(.ARM.Collect$$libinit$$00000000) refers (Special) to libinit2.o(.ARM.Collect$$libinit$$00000004) for __rt_lib_init_preinit_1
    libinit.o(.ARM.Collect$$libinit$$00000000) refers (Special) to libinit2.o(.ARM.Collect$$libinit$$0000000E) for __rt_lib_init_rand_1
    libinit.o(.ARM.Collect$$libinit$$00000000) refers (Special) to libinit2.o(.ARM.Collect$$libinit$$00000033) for __rt_lib_init_return
    libinit.o(.ARM.Collect$$libinit$$00000000) refers (Special) to libinit2.o(.ARM.Collect$$libinit$$0000001D) for __rt_lib_init_signal_1
    libinit.o(.ARM.Collect$$libinit$$00000000) refers (Special) to libinit2.o(.ARM.Collect$$libinit$$00000025) for __rt_lib_init_stdio_1
    libinit.o(.ARM.Collect$$libinit$$00000000) refers (Special) to libinit2.o(.ARM.Collect$$libinit$$0000000C) for __rt_lib_init_user_alloc_1
    libspace.o(.text) refers to libspace.o(.bss) for __libspace_start
    rtexit.o(.ARM.Collect$$rtexit$$00000000) refers (Special) to rtexit2.o(.ARM.Collect$$rtexit$$00000004) for __rt_exit_exit
    rtexit.o(.ARM.Collect$$rtexit$$00000000) refers (Special) to rtexit2.o(.ARM.Collect$$rtexit$$00000003) for __rt_exit_ls
    rtexit.o(.ARM.Collect$$rtexit$$00000000) refers (Special) to rtexit2.o(.ARM.Collect$$rtexit$$00000002) for __rt_exit_prels_1
    rtexit.o(.ARM.exidx) refers (Special) to rtexit2.o(.ARM.Collect$$rtexit$$00000004) for __rt_exit_exit
    rtexit.o(.ARM.exidx) refers (Special) to rtexit2.o(.ARM.Collect$$rtexit$$00000003) for __rt_exit_ls
    rtexit.o(.ARM.exidx) refers (Special) to rtexit2.o(.ARM.Collect$$rtexit$$00000002) for __rt_exit_prels_1
    rtexit.o(.ARM.exidx) refers to rtexit.o(.ARM.Collect$$rtexit$$00000000) for .ARM.Collect$$rtexit$$00000000
    rt_raise.o(.text) refers to __raise.o(.text) for __raise
    rt_raise.o(.text) refers to sys_exit.o(.text) for _sys_exit
    defsig_exit.o(.text) refers to sys_exit.o(.text) for _sys_exit
    defsig_fpe_inner.o(.text) refers to defsig_general.o(.text) for __default_signal_display
    libinit2.o(.ARM.Collect$$libinit$$00000001) refers to fpinit.o(x$fpl$fpinit) for _fp_init
    libinit2.o(.ARM.Collect$$libinit$$00000010) refers to libinit2.o(.ARM.Collect$$libinit$$0000000F) for .ARM.Collect$$libinit$$0000000F
    libinit2.o(.ARM.Collect$$libinit$$00000012) refers to libinit2.o(.ARM.Collect$$libinit$$0000000F) for .ARM.Collect$$libinit$$0000000F
    libinit2.o(.ARM.Collect$$libinit$$00000014) refers to libinit2.o(.ARM.Collect$$libinit$$0000000F) for .ARM.Collect$$libinit$$0000000F
    libinit2.o(.ARM.Collect$$libinit$$00000016) refers to libinit2.o(.ARM.Collect$$libinit$$0000000F) for .ARM.Collect$$libinit$$0000000F
    libinit2.o(.ARM.Collect$$libinit$$00000018) refers to libinit2.o(.ARM.Collect$$libinit$$0000000F) for .ARM.Collect$$libinit$$0000000F
    libinit2.o(.ARM.Collect$$libinit$$00000026) refers to argv_veneer.o(.emb_text) for __ARM_argv_veneer
    libinit2.o(.ARM.Collect$$libinit$$00000027) refers to argv_veneer.o(.emb_text) for __ARM_argv_veneer
    sys_exit.o(.text) refers (Special) to use_no_semi.o(.text) for __I$use$semihosting
    sys_exit.o(.text) refers (Special) to indicate_semi.o(.text) for __semihosting_library_function
    rtexit2.o(.ARM.Collect$$rtexit$$00000003) refers to libshutdown.o(.ARM.Collect$$libshutdown$$00000000) for __rt_lib_shutdown
    rtexit2.o(.ARM.Collect$$rtexit$$00000004) refers to sys_exit.o(.text) for _sys_exit
    rtexit2.o(.ARM.exidx) refers to rtexit2.o(.ARM.Collect$$rtexit$$00000001) for .ARM.Collect$$rtexit$$00000001
    rtexit2.o(.ARM.exidx) refers to rtexit2.o(.ARM.Collect$$rtexit$$00000003) for .ARM.Collect$$rtexit$$00000003
    rtexit2.o(.ARM.exidx) refers to rtexit2.o(.ARM.Collect$$rtexit$$00000004) for .ARM.Collect$$rtexit$$00000004
    __raise.o(.text) refers to defsig.o(CL$$defsig) for __default_signal_handler
    defsig_general.o(.text) refers to sys_wrch.o(.text) for _ttywrch
    argv_veneer.o(.emb_text) refers to no_argv.o(.text) for __ARM_get_argv
    sys_wrch.o(.text) refers (Special) to use_no_semi.o(.text) for __I$use$semihosting
    sys_wrch.o(.text) refers (Special) to indicate_semi.o(.text) for __semihosting_library_function
    defsig.o(CL$$defsig) refers to defsig_fpe_inner.o(.text) for __rt_SIGFPE_inner
    defsig.o(CL$$defsig) refers to defsig_rtmem_inner.o(.text) for __rt_SIGRTMEM_inner
    _get_argv_nomalloc.o(.text) refers (Special) to hrguard.o(.text) for __heap_region$guard
    _get_argv_nomalloc.o(.text) refers to defsig_rtmem_outer.o(.text) for __rt_SIGRTMEM
    _get_argv_nomalloc.o(.text) refers to sys_command.o(.text) for _sys_command_string
    libshutdown.o(.ARM.Collect$$libshutdown$$00000000) refers (Special) to libshutdown2.o(.ARM.Collect$$libshutdown$$00000004) for __rt_lib_shutdown_cpp_1
    libshutdown.o(.ARM.Collect$$libshutdown$$00000000) refers (Special) to libshutdown2.o(.ARM.Collect$$libshutdown$$00000002) for __rt_lib_shutdown_fini_1
    libshutdown.o(.ARM.Collect$$libshutdown$$00000000) refers (Special) to libshutdown2.o(.ARM.Collect$$libshutdown$$00000009) for __rt_lib_shutdown_fp_trap_1
    libshutdown.o(.ARM.Collect$$libshutdown$$00000000) refers (Special) to libshutdown2.o(.ARM.Collect$$libshutdown$$00000011) for __rt_lib_shutdown_heap_1
    libshutdown.o(.ARM.Collect$$libshutdown$$00000000) refers (Special) to libshutdown2.o(.ARM.Collect$$libshutdown$$00000012) for __rt_lib_shutdown_return
    libshutdown.o(.ARM.Collect$$libshutdown$$00000000) refers (Special) to libshutdown2.o(.ARM.Collect$$libshutdown$$0000000C) for __rt_lib_shutdown_signal_1
    libshutdown.o(.ARM.Collect$$libshutdown$$00000000) refers (Special) to libshutdown2.o(.ARM.Collect$$libshutdown$$00000006) for __rt_lib_shutdown_stdio_1
    libshutdown.o(.ARM.Collect$$libshutdown$$00000000) refers (Special) to libshutdown2.o(.ARM.Collect$$libshutdown$$0000000E) for __rt_lib_shutdown_user_alloc_1
    sys_command.o(.text) refers (Special) to use_no_semi.o(.text) for __I$use$semihosting
    sys_command.o(.text) refers (Special) to indicate_semi.o(.text) for __semihosting_library_function
    defsig_abrt_inner.o(.text) refers to defsig_general.o(.text) for __default_signal_display
    defsig_rtred_inner.o(.text) refers to defsig_general.o(.text) for __default_signal_display
    defsig_rtmem_inner.o(.text) refers to defsig_general.o(.text) for __default_signal_display
    defsig_rtmem_outer.o(.text) refers to defsig_rtmem_inner.o(.text) for __rt_SIGRTMEM_inner
    defsig_rtmem_outer.o(.text) refers to defsig_exit.o(.text) for __sig_exit
    defsig_rtmem_formal.o(.text) refers to rt_raise.o(.text) for __rt_raise
    defsig_stak_inner.o(.text) refers to defsig_general.o(.text) for __default_signal_display
    defsig_pvfn_inner.o(.text) refers to defsig_general.o(.text) for __default_signal_display
    defsig_cppl_inner.o(.text) refers to defsig_general.o(.text) for __default_signal_display
    defsig_segv_inner.o(.text) refers to defsig_general.o(.text) for __default_signal_display
    defsig_other.o(.text) refers to defsig_general.o(.text) for __default_signal_display


==============================================================================

Removing Unused input sections from the image.

    Removing dio.o(i.Dio_ReadChannel), (288 bytes).
    Removing dio.o(i.Dio_ReadPort), (104 bytes).
    Removing dio.o(i.Dio_WritePort), (88 bytes).
    Removing gpt.o(i.Gpt_DisableCallback), (212 bytes).
    Removing gpt.o(i.Gpt_EnableCallback), (216 bytes).
    Removing gpt.o(i.Gpt_GetTimeElapsed), (260 bytes).
    Removing gpt.o(i.Gpt_GetTimeRemaining), (320 bytes).
    Removing gpt.o(i.Gpt_StopTimer), (152 bytes).
    Removing intctrl.o(i.IntCrtl_Init), (948 bytes).
    Removing intctrl.o(i.IntCtrl_DisableInterrupt), (204 bytes).
    Removing led.o(i.Blink_Stop), (24 bytes).
    Removing led.o(i.LedOff), (14 bytes).
    Removing led.o(i.LedOn), (14 bytes).
    Removing system_tm4c123.o(.rev16_text), (4 bytes).
    Removing system_tm4c123.o(.revsh_text), (4 bytes).
    Removing system_tm4c123.o(.rrx_text), (6 bytes).
    Removing system_tm4c123.o(i.SystemCoreClockUpdate), (196 bytes).
    Removing system_tm4c123.o(i.getOscClk), (244 bytes).
    Removing system_tm4c123.o(.data), (4 bytes).

19 unused section(s) (total 3302 bytes) removed from the image.

==============================================================================

Image Symbol Table

    Local Symbols

    Symbol Name                              Value     Ov Type        Size  Object(Section)

    RESET                                    0x00000000   Section      620  startup_tm4c123.o(RESET)
    ../clib/angel/boardlib.s                 0x00000000   Number         0  boardinit3.o ABSOLUTE
    ../clib/angel/boardlib.s                 0x00000000   Number         0  boardinit2.o ABSOLUTE
    ../clib/angel/boardlib.s                 0x00000000   Number         0  boardshut.o ABSOLUTE
    ../clib/angel/boardlib.s                 0x00000000   Number         0  boardinit1.o ABSOLUTE
    ../clib/angel/dczerorl2.s                0x00000000   Number         0  __dczerorl2.o ABSOLUTE
    ../clib/angel/handlers.s                 0x00000000   Number         0  __scatter_zi.o ABSOLUTE
    ../clib/angel/kernel.s                   0x00000000   Number         0  rtexit2.o ABSOLUTE
    ../clib/angel/kernel.s                   0x00000000   Number         0  __rtentry.o ABSOLUTE
    ../clib/angel/kernel.s                   0x00000000   Number         0  __rtentry2.o ABSOLUTE
    ../clib/angel/kernel.s                   0x00000000   Number         0  __rtentry4.o ABSOLUTE
    ../clib/angel/kernel.s                   0x00000000   Number         0  rtexit.o ABSOLUTE
    ../clib/angel/rt.s                       0x00000000   Number         0  aeabi_ldiv0.o ABSOLUTE
    ../clib/angel/rt.s                       0x00000000   Number         0  aeabi_ldiv0_sigfpe.o ABSOLUTE
    ../clib/angel/rt.s                       0x00000000   Number         0  rt_raise.o ABSOLUTE
    ../clib/angel/rt.s                       0x00000000   Number         0  rt_div0.o ABSOLUTE
    ../clib/angel/scatter.s                  0x00000000   Number         0  __scatter.o ABSOLUTE
    ../clib/angel/startup.s                  0x00000000   Number         0  __main.o ABSOLUTE
    ../clib/angel/sys.s                      0x00000000   Number         0  use_no_semi.o ABSOLUTE
    ../clib/angel/sys.s                      0x00000000   Number         0  indicate_semi.o ABSOLUTE
    ../clib/angel/sys.s                      0x00000000   Number         0  sys_stackheap_outer.o ABSOLUTE
    ../clib/angel/sys.s                      0x00000000   Number         0  libspace.o ABSOLUTE
    ../clib/angel/sysapp.c                   0x00000000   Number         0  sys_exit.o ABSOLUTE
    ../clib/angel/sysapp.c                   0x00000000   Number         0  sys_command.o ABSOLUTE
    ../clib/angel/sysapp.c                   0x00000000   Number         0  sys_wrch.o ABSOLUTE
    ../clib/armsys.c                         0x00000000   Number         0  argv_veneer.o ABSOLUTE
    ../clib/armsys.c                         0x00000000   Number         0  argv_veneer.o ABSOLUTE
    ../clib/armsys.c                         0x00000000   Number         0  _get_argv_nomalloc.o ABSOLUTE
    ../clib/armsys.c                         0x00000000   Number         0  no_argv.o ABSOLUTE
    ../clib/heapalloc.c                      0x00000000   Number         0  hrguard.o ABSOLUTE
    ../clib/heapaux.c                        0x00000000   Number         0  heapauxi.o ABSOLUTE
    ../clib/libinit.s                        0x00000000   Number         0  libinit.o ABSOLUTE
    ../clib/libinit.s                        0x00000000   Number         0  libshutdown2.o ABSOLUTE
    ../clib/libinit.s                        0x00000000   Number         0  libinit2.o ABSOLUTE
    ../clib/libinit.s                        0x00000000   Number         0  libshutdown.o ABSOLUTE
    ../clib/longlong.s                       0x00000000   Number         0  lludivv7m.o ABSOLUTE
    ../clib/signal.c                         0x00000000   Number         0  defsig_fpe_outer.o ABSOLUTE
    ../clib/signal.c                         0x00000000   Number         0  defsig_exit.o ABSOLUTE
    ../clib/signal.c                         0x00000000   Number         0  defsig_other.o ABSOLUTE
    ../clib/signal.c                         0x00000000   Number         0  defsig_segv_inner.o ABSOLUTE
    ../clib/signal.c                         0x00000000   Number         0  defsig_cppl_inner.o ABSOLUTE
    ../clib/signal.c                         0x00000000   Number         0  defsig_pvfn_inner.o ABSOLUTE
    ../clib/signal.c                         0x00000000   Number         0  defsig_stak_inner.o ABSOLUTE
    ../clib/signal.c                         0x00000000   Number         0  defsig_rtmem_outer.o ABSOLUTE
    ../clib/signal.c                         0x00000000   Number         0  defsig_rtmem_inner.o ABSOLUTE
    ../clib/signal.c                         0x00000000   Number         0  defsig_fpe_inner.o ABSOLUTE
    ../clib/signal.c                         0x00000000   Number         0  defsig_abrt_inner.o ABSOLUTE
    ../clib/signal.c                         0x00000000   Number         0  defsig_fpe_formal.o ABSOLUTE
    ../clib/signal.c                         0x00000000   Number         0  defsig_rtmem_formal.o ABSOLUTE
    ../clib/signal.c                         0x00000000   Number         0  defsig_general.o ABSOLUTE
    ../clib/signal.c                         0x00000000   Number         0  __raise.o ABSOLUTE
    ../clib/signal.c                         0x00000000   Number         0  defsig_rtred_inner.o ABSOLUTE
    ../clib/signal.s                         0x00000000   Number         0  defsig.o ABSOLUTE
    ../clib/stdlib.c                         0x00000000   Number         0  exit.o ABSOLUTE
    ../fplib/fpinit.s                        0x00000000   Number         0  fpinit.o ABSOLUTE
    Appl\main.c                              0x00000000   Number         0  main.o ABSOLUTE
    Config\Dio_Lcfg.c                        0x00000000   Number         0  dio_lcfg.o ABSOLUTE
    Config\Gpt_Lcfg.c                        0x00000000   Number         0  gpt_lcfg.o ABSOLUTE
    Config\IntCtrl_Lcfg.c                    0x00000000   Number         0  intctrl_lcfg.o ABSOLUTE
    Config\Port_Lcfg.c                       0x00000000   Number         0  port_lcfg.o ABSOLUTE
    HAL\Led.c                                0x00000000   Number         0  led.o ABSOLUTE
    Mcal\Dio.c                               0x00000000   Number         0  dio.o ABSOLUTE
    Mcal\Gpt.c                               0x00000000   Number         0  gpt.o ABSOLUTE
    Mcal\IntCtrl.c                           0x00000000   Number         0  intctrl.o ABSOLUTE
    Mcal\Port.c                              0x00000000   Number         0  port.o ABSOLUTE
    RTE\Device\TM4C123GH6PM\startup_TM4C123.s 0x00000000   Number         0  startup_tm4c123.o ABSOLUTE
    RTE\Device\TM4C123GH6PM\system_TM4C123.c 0x00000000   Number         0  system_tm4c123.o ABSOLUTE
    RTE\\Device\\TM4C123GH6PM\\system_TM4C123.c 0x00000000   Number         0  system_tm4c123.o ABSOLUTE
    dc.s                                     0x00000000   Number         0  dc.o ABSOLUTE
    !!!main                                  0x0000026c   Section        8  __main.o(!!!main)
    !!!scatter                               0x00000274   Section       52  __scatter.o(!!!scatter)
    !!dczerorl2                              0x000002a8   Section       90  __dczerorl2.o(!!dczerorl2)
    !!handler_zi                             0x00000304   Section       28  __scatter_zi.o(!!handler_zi)
    .ARM.Collect$$libinit$$00000000          0x00000320   Section        2  libinit.o(.ARM.Collect$$libinit$$00000000)
    .ARM.Collect$$libinit$$00000001          0x00000322   Section        4  libinit2.o(.ARM.Collect$$libinit$$00000001)
    .ARM.Collect$$libinit$$00000004          0x00000326   Section        0  libinit2.o(.ARM.Collect$$libinit$$00000004)
    .ARM.Collect$$libinit$$0000000A          0x00000326   Section        0  libinit2.o(.ARM.Collect$$libinit$$0000000A)
    .ARM.Collect$$libinit$$0000000C          0x00000326   Section        0  libinit2.o(.ARM.Collect$$libinit$$0000000C)
    .ARM.Collect$$libinit$$0000000E          0x00000326   Section        0  libinit2.o(.ARM.Collect$$libinit$$0000000E)
    .ARM.Collect$$libinit$$00000011          0x00000326   Section        0  libinit2.o(.ARM.Collect$$libinit$$00000011)
    .ARM.Collect$$libinit$$00000013          0x00000326   Section        0  libinit2.o(.ARM.Collect$$libinit$$00000013)
    .ARM.Collect$$libinit$$00000015          0x00000326   Section        0  libinit2.o(.ARM.Collect$$libinit$$00000015)
    .ARM.Collect$$libinit$$00000017          0x00000326   Section        0  libinit2.o(.ARM.Collect$$libinit$$00000017)
    .ARM.Collect$$libinit$$00000019          0x00000326   Section        0  libinit2.o(.ARM.Collect$$libinit$$00000019)
    .ARM.Collect$$libinit$$0000001B          0x00000326   Section        0  libinit2.o(.ARM.Collect$$libinit$$0000001B)
    .ARM.Collect$$libinit$$0000001D          0x00000326   Section        0  libinit2.o(.ARM.Collect$$libinit$$0000001D)
    .ARM.Collect$$libinit$$0000001F          0x00000326   Section        0  libinit2.o(.ARM.Collect$$libinit$$0000001F)
    .ARM.Collect$$libinit$$00000021          0x00000326   Section        0  libinit2.o(.ARM.Collect$$libinit$$00000021)
    .ARM.Collect$$libinit$$00000023          0x00000326   Section        0  libinit2.o(.ARM.Collect$$libinit$$00000023)
    .ARM.Collect$$libinit$$00000025          0x00000326   Section        0  libinit2.o(.ARM.Collect$$libinit$$00000025)
    .ARM.Collect$$libinit$$0000002C          0x00000326   Section        0  libinit2.o(.ARM.Collect$$libinit$$0000002C)
    .ARM.Collect$$libinit$$0000002E          0x00000326   Section        0  libinit2.o(.ARM.Collect$$libinit$$0000002E)
    .ARM.Collect$$libinit$$00000030          0x00000326   Section        0  libinit2.o(.ARM.Collect$$libinit$$00000030)
    .ARM.Collect$$libinit$$00000032          0x00000326   Section        0  libinit2.o(.ARM.Collect$$libinit$$00000032)
    .ARM.Collect$$libinit$$00000033          0x00000326   Section        2  libinit2.o(.ARM.Collect$$libinit$$00000033)
    .ARM.Collect$$libshutdown$$00000000      0x00000328   Section        2  libshutdown.o(.ARM.Collect$$libshutdown$$00000000)
    .ARM.Collect$$libshutdown$$00000002      0x0000032a   Section        0  libshutdown2.o(.ARM.Collect$$libshutdown$$00000002)
    .ARM.Collect$$libshutdown$$00000004      0x0000032a   Section        0  libshutdown2.o(.ARM.Collect$$libshutdown$$00000004)
    .ARM.Collect$$libshutdown$$00000006      0x0000032a   Section        0  libshutdown2.o(.ARM.Collect$$libshutdown$$00000006)
    .ARM.Collect$$libshutdown$$00000009      0x0000032a   Section        0  libshutdown2.o(.ARM.Collect$$libshutdown$$00000009)
    .ARM.Collect$$libshutdown$$0000000C      0x0000032a   Section        0  libshutdown2.o(.ARM.Collect$$libshutdown$$0000000C)
    .ARM.Collect$$libshutdown$$0000000E      0x0000032a   Section        0  libshutdown2.o(.ARM.Collect$$libshutdown$$0000000E)
    .ARM.Collect$$libshutdown$$00000011      0x0000032a   Section        0  libshutdown2.o(.ARM.Collect$$libshutdown$$00000011)
    .ARM.Collect$$libshutdown$$00000012      0x0000032a   Section        2  libshutdown2.o(.ARM.Collect$$libshutdown$$00000012)
    .ARM.Collect$$rtentry$$00000000          0x0000032c   Section        0  __rtentry.o(.ARM.Collect$$rtentry$$00000000)
    .ARM.Collect$$rtentry$$00000002          0x0000032c   Section        0  __rtentry2.o(.ARM.Collect$$rtentry$$00000002)
    .ARM.Collect$$rtentry$$00000004          0x0000032c   Section        6  __rtentry4.o(.ARM.Collect$$rtentry$$00000004)
    .ARM.Collect$$rtentry$$00000009          0x00000332   Section        0  __rtentry2.o(.ARM.Collect$$rtentry$$00000009)
    .ARM.Collect$$rtentry$$0000000A          0x00000332   Section        4  __rtentry2.o(.ARM.Collect$$rtentry$$0000000A)
    .ARM.Collect$$rtentry$$0000000C          0x00000336   Section        0  __rtentry2.o(.ARM.Collect$$rtentry$$0000000C)
    .ARM.Collect$$rtentry$$0000000D          0x00000336   Section        8  __rtentry2.o(.ARM.Collect$$rtentry$$0000000D)
    .ARM.Collect$$rtexit$$00000000           0x0000033e   Section        2  rtexit.o(.ARM.Collect$$rtexit$$00000000)
    .ARM.Collect$$rtexit$$00000002           0x00000340   Section        0  rtexit2.o(.ARM.Collect$$rtexit$$00000002)
    .ARM.Collect$$rtexit$$00000003           0x00000340   Section        4  rtexit2.o(.ARM.Collect$$rtexit$$00000003)
    .ARM.Collect$$rtexit$$00000004           0x00000344   Section        6  rtexit2.o(.ARM.Collect$$rtexit$$00000004)
    .text                                    0x0000034c   Section      276  startup_tm4c123.o(.text)
    $v0                                      0x0000034c   Number         0  startup_tm4c123.o(.text)
    .text                                    0x00000460   Section        0  heapauxi.o(.text)
    .text                                    0x00000466   Section       74  sys_stackheap_outer.o(.text)
    .text                                    0x000004b0   Section        0  exit.o(.text)
    .text                                    0x000004c4   Section        8  libspace.o(.text)
    .text                                    0x000004cc   Section        0  sys_exit.o(.text)
    .text                                    0x000004d8   Section        2  use_no_semi.o(.text)
    .text                                    0x000004da   Section        0  indicate_semi.o(.text)
    i.Blinking_CallBack                      0x000004dc   Section        0  led.o(i.Blinking_CallBack)
    i.Dio_FlipChannel                        0x000004f8   Section        0  dio.o(i.Dio_FlipChannel)
    i.Dio_WriteChannel                       0x0000075c   Section        0  dio.o(i.Dio_WriteChannel)
    i.Gpt_Callback_0                         0x000008fc   Section        0  gpt_lcfg.o(i.Gpt_Callback_0)
    i.Gpt_Callback_1                         0x00000914   Section        0  gpt_lcfg.o(i.Gpt_Callback_1)
    i.Gpt_Callback_10                        0x0000092c   Section        0  gpt_lcfg.o(i.Gpt_Callback_10)
    i.Gpt_Callback_11                        0x0000092e   Section        0  gpt_lcfg.o(i.Gpt_Callback_11)
    i.Gpt_Callback_2                         0x00000930   Section        0  gpt_lcfg.o(i.Gpt_Callback_2)
    i.Gpt_Callback_3                         0x00000932   Section        0  gpt_lcfg.o(i.Gpt_Callback_3)
    i.Gpt_Callback_4                         0x00000934   Section        0  gpt_lcfg.o(i.Gpt_Callback_4)
    i.Gpt_Callback_5                         0x00000936   Section        0  gpt_lcfg.o(i.Gpt_Callback_5)
    i.Gpt_Callback_6                         0x00000938   Section        0  gpt_lcfg.o(i.Gpt_Callback_6)
    i.Gpt_Callback_7                         0x0000093a   Section        0  gpt_lcfg.o(i.Gpt_Callback_7)
    i.Gpt_Callback_8                         0x0000093c   Section        0  gpt_lcfg.o(i.Gpt_Callback_8)
    i.Gpt_Callback_9                         0x0000093e   Section        0  gpt_lcfg.o(i.Gpt_Callback_9)
    i.Gpt_Init                               0x00000940   Section        0  gpt.o(i.Gpt_Init)
    i.Gpt_StartTimer                         0x00000b24   Section        0  gpt.o(i.Gpt_StartTimer)
    i.IntCtrl_EnableInterrupt                0x00000c24   Section        0  intctrl.o(i.IntCtrl_EnableInterrupt)
    i.LedBlink                               0x00000d8c   Section        0  led.o(i.LedBlink)
    i.Port_Init                              0x00000e5c   Section        0  port.o(i.Port_Init)
    i.SystemInit                             0x00001330   Section        0  system_tm4c123.o(i.SystemInit)
    i.TIMER0A_Handler                        0x000013c8   Section        0  gpt_lcfg.o(i.TIMER0A_Handler)
    i.TIMER1A_Handler                        0x000013f0   Section        0  gpt_lcfg.o(i.TIMER1A_Handler)
    i.initLED                                0x00001418   Section        0  led.o(i.initLED)
    i.main                                   0x00001428   Section        0  main.o(i.main)
    i.toggleLed                              0x00001440   Section        0  led.o(i.toggleLed)
    x$fpl$fpinit                             0x0000144c   Section       10  fpinit.o(x$fpl$fpinit)
    $v0                                      0x0000144c   Number         0  fpinit.o(x$fpl$fpinit)
    .constdata                               0x00001456   Section       10  dio_lcfg.o(.constdata)
    .constdata                               0x00001460   Section      344  port_lcfg.o(.constdata)
    .data                                    0x20000000   Section      102  intctrl_lcfg.o(.data)
    .data                                    0x20000068   Section      392  gpt_lcfg.o(.data)
    .data                                    0x200001f0   Section        3  led.o(.data)
    timerChannle                             0x200001f0   Data           1  led.o(.data)
    deviceChannel                            0x200001f1   Data           1  led.o(.data)
    flag                                     0x200001f2   Data           1  led.o(.data)
    .bss                                     0x200001f4   Section       96  libspace.o(.bss)
    HEAP                                     0x20000258   Section        0  startup_tm4c123.o(HEAP)
    STACK                                    0x20000258   Section      512  startup_tm4c123.o(STACK)
    Heap_Mem                                 0x20000258   Data           0  startup_tm4c123.o(HEAP)
    Stack_Mem                                0x20000258   Data         512  startup_tm4c123.o(STACK)
    __initial_sp                             0x20000458   Data           0  startup_tm4c123.o(STACK)

    Global Symbols

    Symbol Name                              Value     Ov Type        Size  Object(Section)

    BuildAttributes$$THM_ISAv4$E$P$D$K$B$S$7EM$VFPi3$EXTD16$VFPS$VFMA$PE$A:L22UL41UL21$X:L11$S22US41US21$IEEE1$IW$USESV6$~STKCKD$USESV7$~SHL$OSPACE$ROPI$EBA8$UX$STANDARDLIB$REQ8$PRES8$EABIv2 0x00000000   Number         0  anon$$obj.o ABSOLUTE
    __ARM_use_no_argv                        0x00000000   Number         0  main.o ABSOLUTE
    __Vectors                                0x00000000   Data           4  startup_tm4c123.o(RESET)
    __ARM_exceptions_init                     - Undefined Weak Reference
    __alloca_initialize                       - Undefined Weak Reference
    __arm_fini_                               - Undefined Weak Reference
    __arm_preinit_                            - Undefined Weak Reference
    __cpp_initialize__aeabi_                  - Undefined Weak Reference
    __cxa_finalize                            - Undefined Weak Reference
    __rt_locale                               - Undefined Weak Reference
    __sigvec_lookup                           - Undefined Weak Reference
    _atexit_init                              - Undefined Weak Reference
    _call_atexit_fns                          - Undefined Weak Reference
    _clock_init                               - Undefined Weak Reference
    _fp_trap_init                             - Undefined Weak Reference
    _fp_trap_shutdown                         - Undefined Weak Reference
    _get_lc_collate                           - Undefined Weak Reference
    _get_lc_ctype                             - Undefined Weak Reference
    _get_lc_monetary                          - Undefined Weak Reference
    _get_lc_numeric                           - Undefined Weak Reference
    _get_lc_time                              - Undefined Weak Reference
    _getenv_init                              - Undefined Weak Reference
    _handle_redirection                       - Undefined Weak Reference
    _init_alloc                               - Undefined Weak Reference
    _init_user_alloc                          - Undefined Weak Reference
    _initio                                   - Undefined Weak Reference
    _rand_init                                - Undefined Weak Reference
    _signal_finish                            - Undefined Weak Reference
    _signal_init                              - Undefined Weak Reference
    _terminate_alloc                          - Undefined Weak Reference
    _terminate_user_alloc                     - Undefined Weak Reference
    _terminateio                              - Undefined Weak Reference
    __Vectors_End                            0x0000026c   Data           0  startup_tm4c123.o(RESET)
    __Vectors_Size                           0x0000026c   Number         0  startup_tm4c123.o ABSOLUTE
    __main                                   0x0000026d   Thumb Code     8  __main.o(!!!main)
    __scatterload                            0x00000275   Thumb Code     0  __scatter.o(!!!scatter)
    __scatterload_rt2                        0x00000275   Thumb Code    44  __scatter.o(!!!scatter)
    __scatterload_rt2_thumb_only             0x00000275   Thumb Code     0  __scatter.o(!!!scatter)
    __scatterload_null                       0x00000283   Thumb Code     0  __scatter.o(!!!scatter)
    __decompress                             0x000002a9   Thumb Code    90  __dczerorl2.o(!!dczerorl2)
    __decompress1                            0x000002a9   Thumb Code     0  __dczerorl2.o(!!dczerorl2)
    __scatterload_zeroinit                   0x00000305   Thumb Code    28  __scatter_zi.o(!!handler_zi)
    __rt_lib_init                            0x00000321   Thumb Code     0  libinit.o(.ARM.Collect$$libinit$$00000000)
    __rt_lib_init_fp_1                       0x00000323   Thumb Code     0  libinit2.o(.ARM.Collect$$libinit$$00000001)
    __rt_lib_init_alloca_1                   0x00000327   Thumb Code     0  libinit2.o(.ARM.Collect$$libinit$$0000002E)
    __rt_lib_init_argv_1                     0x00000327   Thumb Code     0  libinit2.o(.ARM.Collect$$libinit$$0000002C)
    __rt_lib_init_atexit_1                   0x00000327   Thumb Code     0  libinit2.o(.ARM.Collect$$libinit$$0000001B)
    __rt_lib_init_clock_1                    0x00000327   Thumb Code     0  libinit2.o(.ARM.Collect$$libinit$$00000021)
    __rt_lib_init_cpp_1                      0x00000327   Thumb Code     0  libinit2.o(.ARM.Collect$$libinit$$00000032)
    __rt_lib_init_exceptions_1               0x00000327   Thumb Code     0  libinit2.o(.ARM.Collect$$libinit$$00000030)
    __rt_lib_init_fp_trap_1                  0x00000327   Thumb Code     0  libinit2.o(.ARM.Collect$$libinit$$0000001F)
    __rt_lib_init_getenv_1                   0x00000327   Thumb Code     0  libinit2.o(.ARM.Collect$$libinit$$00000023)
    __rt_lib_init_heap_1                     0x00000327   Thumb Code     0  libinit2.o(.ARM.Collect$$libinit$$0000000A)
    __rt_lib_init_lc_collate_1               0x00000327   Thumb Code     0  libinit2.o(.ARM.Collect$$libinit$$00000011)
    __rt_lib_init_lc_ctype_1                 0x00000327   Thumb Code     0  libinit2.o(.ARM.Collect$$libinit$$00000013)
    __rt_lib_init_lc_monetary_1              0x00000327   Thumb Code     0  libinit2.o(.ARM.Collect$$libinit$$00000015)
    __rt_lib_init_lc_numeric_1               0x00000327   Thumb Code     0  libinit2.o(.ARM.Collect$$libinit$$00000017)
    __rt_lib_init_lc_time_1                  0x00000327   Thumb Code     0  libinit2.o(.ARM.Collect$$libinit$$00000019)
    __rt_lib_init_preinit_1                  0x00000327   Thumb Code     0  libinit2.o(.ARM.Collect$$libinit$$00000004)
    __rt_lib_init_rand_1                     0x00000327   Thumb Code     0  libinit2.o(.ARM.Collect$$libinit$$0000000E)
    __rt_lib_init_return                     0x00000327   Thumb Code     0  libinit2.o(.ARM.Collect$$libinit$$00000033)
    __rt_lib_init_signal_1                   0x00000327   Thumb Code     0  libinit2.o(.ARM.Collect$$libinit$$0000001D)
    __rt_lib_init_stdio_1                    0x00000327   Thumb Code     0  libinit2.o(.ARM.Collect$$libinit$$00000025)
    __rt_lib_init_user_alloc_1               0x00000327   Thumb Code     0  libinit2.o(.ARM.Collect$$libinit$$0000000C)
    __rt_lib_shutdown                        0x00000329   Thumb Code     0  libshutdown.o(.ARM.Collect$$libshutdown$$00000000)
    __rt_lib_shutdown_cpp_1                  0x0000032b   Thumb Code     0  libshutdown2.o(.ARM.Collect$$libshutdown$$00000004)
    __rt_lib_shutdown_fini_1                 0x0000032b   Thumb Code     0  libshutdown2.o(.ARM.Collect$$libshutdown$$00000002)
    __rt_lib_shutdown_fp_trap_1              0x0000032b   Thumb Code     0  libshutdown2.o(.ARM.Collect$$libshutdown$$00000009)
    __rt_lib_shutdown_heap_1                 0x0000032b   Thumb Code     0  libshutdown2.o(.ARM.Collect$$libshutdown$$00000011)
    __rt_lib_shutdown_return                 0x0000032b   Thumb Code     0  libshutdown2.o(.ARM.Collect$$libshutdown$$00000012)
    __rt_lib_shutdown_signal_1               0x0000032b   Thumb Code     0  libshutdown2.o(.ARM.Collect$$libshutdown$$0000000C)
    __rt_lib_shutdown_stdio_1                0x0000032b   Thumb Code     0  libshutdown2.o(.ARM.Collect$$libshutdown$$00000006)
    __rt_lib_shutdown_user_alloc_1           0x0000032b   Thumb Code     0  libshutdown2.o(.ARM.Collect$$libshutdown$$0000000E)
    __rt_entry                               0x0000032d   Thumb Code     0  __rtentry.o(.ARM.Collect$$rtentry$$00000000)
    __rt_entry_presh_1                       0x0000032d   Thumb Code     0  __rtentry2.o(.ARM.Collect$$rtentry$$00000002)
    __rt_entry_sh                            0x0000032d   Thumb Code     0  __rtentry4.o(.ARM.Collect$$rtentry$$00000004)
    __rt_entry_li                            0x00000333   Thumb Code     0  __rtentry2.o(.ARM.Collect$$rtentry$$0000000A)
    __rt_entry_postsh_1                      0x00000333   Thumb Code     0  __rtentry2.o(.ARM.Collect$$rtentry$$00000009)
    __rt_entry_main                          0x00000337   Thumb Code     0  __rtentry2.o(.ARM.Collect$$rtentry$$0000000D)
    __rt_entry_postli_1                      0x00000337   Thumb Code     0  __rtentry2.o(.ARM.Collect$$rtentry$$0000000C)
    __rt_exit                                0x0000033f   Thumb Code     0  rtexit.o(.ARM.Collect$$rtexit$$00000000)
    __rt_exit_ls                             0x00000341   Thumb Code     0  rtexit2.o(.ARM.Collect$$rtexit$$00000003)
    __rt_exit_prels_1                        0x00000341   Thumb Code     0  rtexit2.o(.ARM.Collect$$rtexit$$00000002)
    __rt_exit_exit                           0x00000345   Thumb Code     0  rtexit2.o(.ARM.Collect$$rtexit$$00000004)
    Reset_Handler                            0x0000034d   Thumb Code     8  startup_tm4c123.o(.text)
    NMI_Handler                              0x00000355   Thumb Code     2  startup_tm4c123.o(.text)
    HardFault_Handler                        0x00000357   Thumb Code     2  startup_tm4c123.o(.text)
    MemManage_Handler                        0x00000359   Thumb Code     2  startup_tm4c123.o(.text)
    BusFault_Handler                         0x0000035b   Thumb Code     2  startup_tm4c123.o(.text)
    UsageFault_Handler                       0x0000035d   Thumb Code     2  startup_tm4c123.o(.text)
    SVC_Handler                              0x0000035f   Thumb Code     2  startup_tm4c123.o(.text)
    DebugMon_Handler                         0x00000361   Thumb Code     2  startup_tm4c123.o(.text)
    PendSV_Handler                           0x00000363   Thumb Code     2  startup_tm4c123.o(.text)
    SysTick_Handler                          0x00000365   Thumb Code     2  startup_tm4c123.o(.text)
    GPIOA_Handler                            0x00000367   Thumb Code     2  startup_tm4c123.o(.text)
    GPIOB_Handler                            0x00000369   Thumb Code     2  startup_tm4c123.o(.text)
    GPIOC_Handler                            0x0000036b   Thumb Code     2  startup_tm4c123.o(.text)
    GPIOD_Handler                            0x0000036d   Thumb Code     2  startup_tm4c123.o(.text)
    GPIOE_Handler                            0x0000036f   Thumb Code     2  startup_tm4c123.o(.text)
    UART0_Handler                            0x00000371   Thumb Code     2  startup_tm4c123.o(.text)
    UART1_Handler                            0x00000373   Thumb Code     2  startup_tm4c123.o(.text)
    SSI0_Handler                             0x00000375   Thumb Code     2  startup_tm4c123.o(.text)
    I2C0_Handler                             0x00000377   Thumb Code     2  startup_tm4c123.o(.text)
    PMW0_FAULT_Handler                       0x00000379   Thumb Code     2  startup_tm4c123.o(.text)
    PWM0_0_Handler                           0x0000037b   Thumb Code     2  startup_tm4c123.o(.text)
    PWM0_1_Handler                           0x0000037d   Thumb Code     2  startup_tm4c123.o(.text)
    PWM0_2_Handler                           0x0000037f   Thumb Code     2  startup_tm4c123.o(.text)
    QEI0_Handler                             0x00000381   Thumb Code     2  startup_tm4c123.o(.text)
    ADC0SS0_Handler                          0x00000383   Thumb Code     2  startup_tm4c123.o(.text)
    ADC0SS1_Handler                          0x00000385   Thumb Code     2  startup_tm4c123.o(.text)
    ADC0SS2_Handler                          0x00000387   Thumb Code     2  startup_tm4c123.o(.text)
    ADC0SS3_Handler                          0x00000389   Thumb Code     2  startup_tm4c123.o(.text)
    WDT0_Handler                             0x0000038b   Thumb Code     2  startup_tm4c123.o(.text)
    TIMER0B_Handler                          0x0000038f   Thumb Code     2  startup_tm4c123.o(.text)
    TIMER1B_Handler                          0x00000393   Thumb Code     2  startup_tm4c123.o(.text)
    TIMER2A_Handler                          0x00000395   Thumb Code     2  startup_tm4c123.o(.text)
    TIMER2B_Handler                          0x00000397   Thumb Code     2  startup_tm4c123.o(.text)
    COMP0_Handler                            0x00000399   Thumb Code     2  startup_tm4c123.o(.text)
    COMP1_Handler                            0x0000039b   Thumb Code     2  startup_tm4c123.o(.text)
    COMP2_Handler                            0x0000039d   Thumb Code     2  startup_tm4c123.o(.text)
    SYSCTL_Handler                           0x0000039f   Thumb Code     2  startup_tm4c123.o(.text)
    FLASH_Handler                            0x000003a1   Thumb Code     2  startup_tm4c123.o(.text)
    GPIOF_Handler                            0x000003a3   Thumb Code     2  startup_tm4c123.o(.text)
    GPIOG_Handler                            0x000003a5   Thumb Code     2  startup_tm4c123.o(.text)
    GPIOH_Handler                            0x000003a7   Thumb Code     2  startup_tm4c123.o(.text)
    UART2_Handler                            0x000003a9   Thumb Code     2  startup_tm4c123.o(.text)
    SSI1_Handler                             0x000003ab   Thumb Code     2  startup_tm4c123.o(.text)
    TIMER3A_Handler                          0x000003ad   Thumb Code     2  startup_tm4c123.o(.text)
    TIMER3B_Handler                          0x000003af   Thumb Code     2  startup_tm4c123.o(.text)
    I2C1_Handler                             0x000003b1   Thumb Code     2  startup_tm4c123.o(.text)
    QEI1_Handler                             0x000003b3   Thumb Code     2  startup_tm4c123.o(.text)
    CAN0_Handler                             0x000003b5   Thumb Code     2  startup_tm4c123.o(.text)
    CAN1_Handler                             0x000003b7   Thumb Code     2  startup_tm4c123.o(.text)
    CAN2_Handler                             0x000003b9   Thumb Code     2  startup_tm4c123.o(.text)
    HIB_Handler                              0x000003bb   Thumb Code     2  startup_tm4c123.o(.text)
    USB0_Handler                             0x000003bd   Thumb Code     2  startup_tm4c123.o(.text)
    PWM0_3_Handler                           0x000003bf   Thumb Code     2  startup_tm4c123.o(.text)
    UDMA_Handler                             0x000003c1   Thumb Code     2  startup_tm4c123.o(.text)
    UDMAERR_Handler                          0x000003c3   Thumb Code     2  startup_tm4c123.o(.text)
    ADC1SS0_Handler                          0x000003c5   Thumb Code     2  startup_tm4c123.o(.text)
    ADC1SS1_Handler                          0x000003c7   Thumb Code     2  startup_tm4c123.o(.text)
    ADC1SS2_Handler                          0x000003c9   Thumb Code     2  startup_tm4c123.o(.text)
    ADC1SS3_Handler                          0x000003cb   Thumb Code     2  startup_tm4c123.o(.text)
    GPIOJ_Handler                            0x000003cd   Thumb Code     2  startup_tm4c123.o(.text)
    GPIOK_Handler                            0x000003cf   Thumb Code     2  startup_tm4c123.o(.text)
    GPIOL_Handler                            0x000003d1   Thumb Code     2  startup_tm4c123.o(.text)
    SSI2_Handler                             0x000003d3   Thumb Code     2  startup_tm4c123.o(.text)
    SSI3_Handler                             0x000003d5   Thumb Code     2  startup_tm4c123.o(.text)
    UART3_Handler                            0x000003d7   Thumb Code     2  startup_tm4c123.o(.text)
    UART4_Handler                            0x000003d9   Thumb Code     2  startup_tm4c123.o(.text)
    UART5_Handler                            0x000003db   Thumb Code     2  startup_tm4c123.o(.text)
    UART6_Handler                            0x000003dd   Thumb Code     2  startup_tm4c123.o(.text)
    UART7_Handler                            0x000003df   Thumb Code     2  startup_tm4c123.o(.text)
    I2C2_Handler                             0x000003e1   Thumb Code     2  startup_tm4c123.o(.text)
    I2C3_Handler                             0x000003e3   Thumb Code     2  startup_tm4c123.o(.text)
    TIMER4A_Handler                          0x000003e5   Thumb Code     2  startup_tm4c123.o(.text)
    TIMER4B_Handler                          0x000003e7   Thumb Code     2  startup_tm4c123.o(.text)
    TIMER5A_Handler                          0x000003e9   Thumb Code     2  startup_tm4c123.o(.text)
    TIMER5B_Handler                          0x000003eb   Thumb Code     2  startup_tm4c123.o(.text)
    WTIMER0A_Handler                         0x000003ed   Thumb Code     2  startup_tm4c123.o(.text)
    WTIMER0B_Handler                         0x000003ef   Thumb Code     2  startup_tm4c123.o(.text)
    WTIMER1A_Handler                         0x000003f1   Thumb Code     2  startup_tm4c123.o(.text)
    WTIMER1B_Handler                         0x000003f3   Thumb Code     2  startup_tm4c123.o(.text)
    WTIMER2A_Handler                         0x000003f5   Thumb Code     2  startup_tm4c123.o(.text)
    WTIMER2B_Handler                         0x000003f7   Thumb Code     2  startup_tm4c123.o(.text)
    WTIMER3A_Handler                         0x000003f9   Thumb Code     2  startup_tm4c123.o(.text)
    WTIMER3B_Handler                         0x000003fb   Thumb Code     2  startup_tm4c123.o(.text)
    WTIMER4A_Handler                         0x000003fd   Thumb Code     2  startup_tm4c123.o(.text)
    WTIMER4B_Handler                         0x000003ff   Thumb Code     2  startup_tm4c123.o(.text)
    WTIMER5A_Handler                         0x00000401   Thumb Code     2  startup_tm4c123.o(.text)
    WTIMER5B_Handler                         0x00000403   Thumb Code     2  startup_tm4c123.o(.text)
    FPU_Handler                              0x00000405   Thumb Code     2  startup_tm4c123.o(.text)
    I2C4_Handler                             0x00000407   Thumb Code     2  startup_tm4c123.o(.text)
    I2C5_Handler                             0x00000409   Thumb Code     2  startup_tm4c123.o(.text)
    GPIOM_Handler                            0x0000040b   Thumb Code     2  startup_tm4c123.o(.text)
    GPION_Handler                            0x0000040d   Thumb Code     2  startup_tm4c123.o(.text)
    QEI2_Handler                             0x0000040f   Thumb Code     2  startup_tm4c123.o(.text)
    GPIOP0_Handler                           0x00000411   Thumb Code     2  startup_tm4c123.o(.text)
    GPIOP1_Handler                           0x00000413   Thumb Code     2  startup_tm4c123.o(.text)
    GPIOP2_Handler                           0x00000415   Thumb Code     2  startup_tm4c123.o(.text)
    GPIOP3_Handler                           0x00000417   Thumb Code     2  startup_tm4c123.o(.text)
    GPIOP4_Handler                           0x00000419   Thumb Code     2  startup_tm4c123.o(.text)
    GPIOP5_Handler                           0x0000041b   Thumb Code     2  startup_tm4c123.o(.text)
    GPIOP6_Handler                           0x0000041d   Thumb Code     2  startup_tm4c123.o(.text)
    GPIOP7_Handler                           0x0000041f   Thumb Code     2  startup_tm4c123.o(.text)
    GPIOQ0_Handler                           0x00000421   Thumb Code     2  startup_tm4c123.o(.text)
    GPIOQ1_Handler                           0x00000423   Thumb Code     2  startup_tm4c123.o(.text)
    GPIOQ2_Handler                           0x00000425   Thumb Code     2  startup_tm4c123.o(.text)
    GPIOQ3_Handler                           0x00000427   Thumb Code     2  startup_tm4c123.o(.text)
    GPIOQ4_Handler                           0x00000429   Thumb Code     2  startup_tm4c123.o(.text)
    GPIOQ5_Handler                           0x0000042b   Thumb Code     2  startup_tm4c123.o(.text)
    GPIOQ6_Handler                           0x0000042d   Thumb Code     2  startup_tm4c123.o(.text)
    GPIOQ7_Handler                           0x0000042f   Thumb Code     2  startup_tm4c123.o(.text)
    GPIOR_Handler                            0x00000431   Thumb Code     2  startup_tm4c123.o(.text)
    GPIOS_Handler                            0x00000433   Thumb Code     2  startup_tm4c123.o(.text)
    PMW1_0_Handler                           0x00000435   Thumb Code     2  startup_tm4c123.o(.text)
    PWM1_1_Handler                           0x00000437   Thumb Code     2  startup_tm4c123.o(.text)
    PWM1_2_Handler                           0x00000439   Thumb Code     2  startup_tm4c123.o(.text)
    PWM1_3_Handler                           0x0000043b   Thumb Code     2  startup_tm4c123.o(.text)
    PWM1_FAULT_Handler                       0x0000043d   Thumb Code     2  startup_tm4c123.o(.text)
    __user_initial_stackheap                 0x00000441   Thumb Code     0  startup_tm4c123.o(.text)
    __use_two_region_memory                  0x00000461   Thumb Code     2  heapauxi.o(.text)
    __rt_heap_escrow$2region                 0x00000463   Thumb Code     2  heapauxi.o(.text)
    __rt_heap_expand$2region                 0x00000465   Thumb Code     2  heapauxi.o(.text)
    __user_setup_stackheap                   0x00000467   Thumb Code    74  sys_stackheap_outer.o(.text)
    exit                                     0x000004b1   Thumb Code    18  exit.o(.text)
    __user_libspace                          0x000004c5   Thumb Code     8  libspace.o(.text)
    __user_perproc_libspace                  0x000004c5   Thumb Code     0  libspace.o(.text)
    __user_perthread_libspace                0x000004c5   Thumb Code     0  libspace.o(.text)
    _sys_exit                                0x000004cd   Thumb Code     8  sys_exit.o(.text)
    __I$use$semihosting                      0x000004d9   Thumb Code     0  use_no_semi.o(.text)
    __use_no_semihosting_swi                 0x000004d9   Thumb Code     2  use_no_semi.o(.text)
    __semihosting_library_function           0x000004db   Thumb Code     0  indicate_semi.o(.text)
    Blinking_CallBack                        0x000004dd   Thumb Code    18  led.o(i.Blinking_CallBack)
    Dio_FlipChannel                          0x000004f9   Thumb Code   562  dio.o(i.Dio_FlipChannel)
    Dio_WriteChannel                         0x0000075d   Thumb Code   366  dio.o(i.Dio_WriteChannel)
    Gpt_Callback_0                           0x000008fd   Thumb Code    20  gpt_lcfg.o(i.Gpt_Callback_0)
    Gpt_Callback_1                           0x00000915   Thumb Code    20  gpt_lcfg.o(i.Gpt_Callback_1)
    Gpt_Callback_10                          0x0000092d   Thumb Code     2  gpt_lcfg.o(i.Gpt_Callback_10)
    Gpt_Callback_11                          0x0000092f   Thumb Code     2  gpt_lcfg.o(i.Gpt_Callback_11)
    Gpt_Callback_2                           0x00000931   Thumb Code     2  gpt_lcfg.o(i.Gpt_Callback_2)
    Gpt_Callback_3                           0x00000933   Thumb Code     2  gpt_lcfg.o(i.Gpt_Callback_3)
    Gpt_Callback_4                           0x00000935   Thumb Code     2  gpt_lcfg.o(i.Gpt_Callback_4)
    Gpt_Callback_5                           0x00000937   Thumb Code     2  gpt_lcfg.o(i.Gpt_Callback_5)
    Gpt_Callback_6                           0x00000939   Thumb Code     2  gpt_lcfg.o(i.Gpt_Callback_6)
    Gpt_Callback_7                           0x0000093b   Thumb Code     2  gpt_lcfg.o(i.Gpt_Callback_7)
    Gpt_Callback_8                           0x0000093d   Thumb Code     2  gpt_lcfg.o(i.Gpt_Callback_8)
    Gpt_Callback_9                           0x0000093f   Thumb Code     2  gpt_lcfg.o(i.Gpt_Callback_9)
    Gpt_Init                                 0x00000941   Thumb Code   430  gpt.o(i.Gpt_Init)
    Gpt_StartTimer                           0x00000b25   Thumb Code   204  gpt.o(i.Gpt_StartTimer)
    IntCtrl_EnableInterrupt                  0x00000c25   Thumb Code   346  intctrl.o(i.IntCtrl_EnableInterrupt)
    LedBlink                                 0x00000d8d   Thumb Code   186  led.o(i.LedBlink)
    Port_Init                                0x00000e5d   Thumb Code  1236  port.o(i.Port_Init)
    SystemInit                               0x00001331   Thumb Code   112  system_tm4c123.o(i.SystemInit)
    TIMER0A_Handler                          0x000013c9   Thumb Code    30  gpt_lcfg.o(i.TIMER0A_Handler)
    TIMER1A_Handler                          0x000013f1   Thumb Code    30  gpt_lcfg.o(i.TIMER1A_Handler)
    initLED                                  0x00001419   Thumb Code    10  led.o(i.initLED)
    main                                     0x00001429   Thumb Code    24  main.o(i.main)
    toggleLed                                0x00001441   Thumb Code    12  led.o(i.toggleLed)
    _fp_init                                 0x0000144d   Thumb Code    10  fpinit.o(x$fpl$fpinit)
    __fplib_config_fpu_vfp                   0x00001455   Thumb Code     0  fpinit.o(x$fpl$fpinit)
    __fplib_config_pureend_doubles           0x00001455   Thumb Code     0  fpinit.o(x$fpl$fpinit)
    channelList                              0x00001456   Data          10  dio_lcfg.o(.constdata)
    Port_ConfigType                          0x00001460   Data         344  port_lcfg.o(.constdata)
    Region$$Table$$Base                      0x000015b8   Number         0  anon$$obj.o(Region$$Table)
    Region$$Table$$Limit                     0x000015d8   Number         0  anon$$obj.o(Region$$Table)
    IntCtrl_Config                           0x20000000   Data         102  intctrl_lcfg.o(.data)
    Timer0_Counter                           0x20000068   Data           4  gpt_lcfg.o(.data)
    Gpt_Config                               0x20000070   Data         384  gpt_lcfg.o(.data)
    __libspace_start                         0x200001f4   Data          96  libspace.o(.bss)
    __temporary_stack_top$libspace           0x20000254   Data           0  libspace.o(.bss)



==============================================================================

Memory Map of the image

  Image Entry point : 0x0000034d

  Load Region LR_1 (Base: 0x00000000, Size: 0x000017cc, Max: 0xffffffff, ABSOLUTE, COMPRESSED[0x00001680])

    Execution Region ER_RO (Exec base: 0x00000000, Load base: 0x00000000, Size: 0x000015d8, Max: 0xffffffff, ABSOLUTE)

    Exec Addr    Load Addr    Size         Type   Attr      Idx    E Section Name        Object

    0x00000000   0x00000000   0x0000026c   Data   RO          380    RESET               startup_tm4c123.o
    0x0000026c   0x0000026c   0x00000008   Code   RO          458  * !!!main             c_w.l(__main.o)
    0x00000274   0x00000274   0x00000034   Code   RO          629    !!!scatter          c_w.l(__scatter.o)
    0x000002a8   0x000002a8   0x0000005a   Code   RO          627    !!dczerorl2         c_w.l(__dczerorl2.o)
    0x00000302   0x00000302   0x00000002   PAD
    0x00000304   0x00000304   0x0000001c   Code   RO          631    !!handler_zi        c_w.l(__scatter_zi.o)
    0x00000320   0x00000320   0x00000002   Code   RO          495    .ARM.Collect$$libinit$$00000000  c_w.l(libinit.o)
    0x00000322   0x00000322   0x00000004   Code   RO          507    .ARM.Collect$$libinit$$00000001  c_w.l(libinit2.o)
    0x00000326   0x00000326   0x00000000   Code   RO          510    .ARM.Collect$$libinit$$00000004  c_w.l(libinit2.o)
    0x00000326   0x00000326   0x00000000   Code   RO          513    .ARM.Collect$$libinit$$0000000A  c_w.l(libinit2.o)
    0x00000326   0x00000326   0x00000000   Code   RO          515    .ARM.Collect$$libinit$$0000000C  c_w.l(libinit2.o)
    0x00000326   0x00000326   0x00000000   Code   RO          517    .ARM.Collect$$libinit$$0000000E  c_w.l(libinit2.o)
    0x00000326   0x00000326   0x00000000   Code   RO          520    .ARM.Collect$$libinit$$00000011  c_w.l(libinit2.o)
    0x00000326   0x00000326   0x00000000   Code   RO          522    .ARM.Collect$$libinit$$00000013  c_w.l(libinit2.o)
    0x00000326   0x00000326   0x00000000   Code   RO          524    .ARM.Collect$$libinit$$00000015  c_w.l(libinit2.o)
    0x00000326   0x00000326   0x00000000   Code   RO          526    .ARM.Collect$$libinit$$00000017  c_w.l(libinit2.o)
    0x00000326   0x00000326   0x00000000   Code   RO          528    .ARM.Collect$$libinit$$00000019  c_w.l(libinit2.o)
    0x00000326   0x00000326   0x00000000   Code   RO          530    .ARM.Collect$$libinit$$0000001B  c_w.l(libinit2.o)
    0x00000326   0x00000326   0x00000000   Code   RO          532    .ARM.Collect$$libinit$$0000001D  c_w.l(libinit2.o)
    0x00000326   0x00000326   0x00000000   Code   RO          534    .ARM.Collect$$libinit$$0000001F  c_w.l(libinit2.o)
    0x00000326   0x00000326   0x00000000   Code   RO          536    .ARM.Collect$$libinit$$00000021  c_w.l(libinit2.o)
    0x00000326   0x00000326   0x00000000   Code   RO          538    .ARM.Collect$$libinit$$00000023  c_w.l(libinit2.o)
    0x00000326   0x00000326   0x00000000   Code   RO          540    .ARM.Collect$$libinit$$00000025  c_w.l(libinit2.o)
    0x00000326   0x00000326   0x00000000   Code   RO          544    .ARM.Collect$$libinit$$0000002C  c_w.l(libinit2.o)
    0x00000326   0x00000326   0x00000000   Code   RO          546    .ARM.Collect$$libinit$$0000002E  c_w.l(libinit2.o)
    0x00000326   0x00000326   0x00000000   Code   RO          548    .ARM.Collect$$libinit$$00000030  c_w.l(libinit2.o)
    0x00000326   0x00000326   0x00000000   Code   RO          550    .ARM.Collect$$libinit$$00000032  c_w.l(libinit2.o)
    0x00000326   0x00000326   0x00000002   Code   RO          551    .ARM.Collect$$libinit$$00000033  c_w.l(libinit2.o)
    0x00000328   0x00000328   0x00000002   Code   RO          582    .ARM.Collect$$libshutdown$$00000000  c_w.l(libshutdown.o)
    0x0000032a   0x0000032a   0x00000000   Code   RO          608    .ARM.Collect$$libshutdown$$00000002  c_w.l(libshutdown2.o)
    0x0000032a   0x0000032a   0x00000000   Code   RO          610    .ARM.Collect$$libshutdown$$00000004  c_w.l(libshutdown2.o)
    0x0000032a   0x0000032a   0x00000000   Code   RO          612    .ARM.Collect$$libshutdown$$00000006  c_w.l(libshutdown2.o)
    0x0000032a   0x0000032a   0x00000000   Code   RO          615    .ARM.Collect$$libshutdown$$00000009  c_w.l(libshutdown2.o)
    0x0000032a   0x0000032a   0x00000000   Code   RO          618    .ARM.Collect$$libshutdown$$0000000C  c_w.l(libshutdown2.o)
    0x0000032a   0x0000032a   0x00000000   Code   RO          620    .ARM.Collect$$libshutdown$$0000000E  c_w.l(libshutdown2.o)
    0x0000032a   0x0000032a   0x00000000   Code   RO          623    .ARM.Collect$$libshutdown$$00000011  c_w.l(libshutdown2.o)
    0x0000032a   0x0000032a   0x00000002   Code   RO          624    .ARM.Collect$$libshutdown$$00000012  c_w.l(libshutdown2.o)
    0x0000032c   0x0000032c   0x00000000   Code   RO          460    .ARM.Collect$$rtentry$$00000000  c_w.l(__rtentry.o)
    0x0000032c   0x0000032c   0x00000000   Code   RO          466    .ARM.Collect$$rtentry$$00000002  c_w.l(__rtentry2.o)
    0x0000032c   0x0000032c   0x00000006   Code   RO          478    .ARM.Collect$$rtentry$$00000004  c_w.l(__rtentry4.o)
    0x00000332   0x00000332   0x00000000   Code   RO          468    .ARM.Collect$$rtentry$$00000009  c_w.l(__rtentry2.o)
    0x00000332   0x00000332   0x00000004   Code   RO          469    .ARM.Collect$$rtentry$$0000000A  c_w.l(__rtentry2.o)
    0x00000336   0x00000336   0x00000000   Code   RO          471    .ARM.Collect$$rtentry$$0000000C  c_w.l(__rtentry2.o)
    0x00000336   0x00000336   0x00000008   Code   RO          472    .ARM.Collect$$rtentry$$0000000D  c_w.l(__rtentry2.o)
    0x0000033e   0x0000033e   0x00000002   Code   RO          499    .ARM.Collect$$rtexit$$00000000  c_w.l(rtexit.o)
    0x00000340   0x00000340   0x00000000   Code   RO          555    .ARM.Collect$$rtexit$$00000002  c_w.l(rtexit2.o)
    0x00000340   0x00000340   0x00000004   Code   RO          556    .ARM.Collect$$rtexit$$00000003  c_w.l(rtexit2.o)
    0x00000344   0x00000344   0x00000006   Code   RO          557    .ARM.Collect$$rtexit$$00000004  c_w.l(rtexit2.o)
    0x0000034a   0x0000034a   0x00000002   PAD
    0x0000034c   0x0000034c   0x00000114   Code   RO          381  * .text               startup_tm4c123.o
    0x00000460   0x00000460   0x00000006   Code   RO          456    .text               c_w.l(heapauxi.o)
    0x00000466   0x00000466   0x0000004a   Code   RO          482    .text               c_w.l(sys_stackheap_outer.o)
    0x000004b0   0x000004b0   0x00000012   Code   RO          484    .text               c_w.l(exit.o)
    0x000004c2   0x000004c2   0x00000002   PAD
    0x000004c4   0x000004c4   0x00000008   Code   RO          496    .text               c_w.l(libspace.o)
    0x000004cc   0x000004cc   0x0000000c   Code   RO          552    .text               c_w.l(sys_exit.o)
    0x000004d8   0x000004d8   0x00000002   Code   RO          571    .text               c_w.l(use_no_semi.o)
    0x000004da   0x000004da   0x00000000   Code   RO          573    .text               c_w.l(indicate_semi.o)
    0x000004da   0x000004da   0x00000002   PAD
    0x000004dc   0x000004dc   0x0000001c   Code   RO          329    i.Blinking_CallBack  led.o
    0x000004f8   0x000004f8   0x00000264   Code   RO           53    i.Dio_FlipChannel   dio.o
    0x0000075c   0x0000075c   0x000001a0   Code   RO           56    i.Dio_WriteChannel  dio.o
    0x000008fc   0x000008fc   0x00000018   Code   RO          223    i.Gpt_Callback_0    gpt_lcfg.o
    0x00000914   0x00000914   0x00000018   Code   RO          224    i.Gpt_Callback_1    gpt_lcfg.o
    0x0000092c   0x0000092c   0x00000002   Code   RO          225    i.Gpt_Callback_10   gpt_lcfg.o
    0x0000092e   0x0000092e   0x00000002   Code   RO          226    i.Gpt_Callback_11   gpt_lcfg.o
    0x00000930   0x00000930   0x00000002   Code   RO          227    i.Gpt_Callback_2    gpt_lcfg.o
    0x00000932   0x00000932   0x00000002   Code   RO          228    i.Gpt_Callback_3    gpt_lcfg.o
    0x00000934   0x00000934   0x00000002   Code   RO          229    i.Gpt_Callback_4    gpt_lcfg.o
    0x00000936   0x00000936   0x00000002   Code   RO          230    i.Gpt_Callback_5    gpt_lcfg.o
    0x00000938   0x00000938   0x00000002   Code   RO          231    i.Gpt_Callback_6    gpt_lcfg.o
    0x0000093a   0x0000093a   0x00000002   Code   RO          232    i.Gpt_Callback_7    gpt_lcfg.o
    0x0000093c   0x0000093c   0x00000002   Code   RO          233    i.Gpt_Callback_8    gpt_lcfg.o
    0x0000093e   0x0000093e   0x00000002   Code   RO          234    i.Gpt_Callback_9    gpt_lcfg.o
    0x00000940   0x00000940   0x000001e4   Code   RO           99    i.Gpt_Init          gpt.o
    0x00000b24   0x00000b24   0x00000100   Code   RO          100    i.Gpt_StartTimer    gpt.o
    0x00000c24   0x00000c24   0x00000168   Code   RO          158    i.IntCtrl_EnableInterrupt  intctrl.o
    0x00000d8c   0x00000d8c   0x000000d0   Code   RO          330    i.LedBlink          led.o
    0x00000e5c   0x00000e5c   0x000004d4   Code   RO          180    i.Port_Init         port.o
    0x00001330   0x00001330   0x00000098   Code   RO          390    i.SystemInit        system_tm4c123.o
    0x000013c8   0x000013c8   0x00000028   Code   RO          235    i.TIMER0A_Handler   gpt_lcfg.o
    0x000013f0   0x000013f0   0x00000028   Code   RO          236    i.TIMER1A_Handler   gpt_lcfg.o
    0x00001418   0x00001418   0x00000010   Code   RO          333    i.initLED           led.o
    0x00001428   0x00001428   0x00000018   Code   RO            1    i.main              main.o
    0x00001440   0x00001440   0x0000000c   Code   RO          334    i.toggleLed         led.o
    0x0000144c   0x0000144c   0x0000000a   Code   RO          567    x$fpl$fpinit        fz_wm.l(fpinit.o)
    0x00001456   0x00001456   0x0000000a   Data   RO          211    .constdata          dio_lcfg.o
    0x00001460   0x00001460   0x00000158   Data   RO          319    .constdata          port_lcfg.o
    0x000015b8   0x000015b8   0x00000020   Data   RO          625    Region$$Table       anon$$obj.o


    Execution Region ER_RW (Exec base: 0x20000000, Load base: 0x000015d8, Size: 0x000001f4, Max: 0xffffffff, ABSOLUTE, COMPRESSED[0x000000a8])

    Exec Addr    Load Addr    Size         Type   Attr      Idx    E Section Name        Object

    0x20000000   COMPRESSED   0x00000066   Data   RW          199    .data               intctrl_lcfg.o
    0x20000066   COMPRESSED   0x00000002   PAD
    0x20000068   COMPRESSED   0x00000188   Data   RW          237    .data               gpt_lcfg.o
    0x200001f0   COMPRESSED   0x00000003   Data   RW          335    .data               led.o


    Execution Region ER_ZI (Exec base: 0x200001f4, Load base: 0x00001680, Size: 0x00000264, Max: 0xffffffff, ABSOLUTE)

    Exec Addr    Load Addr    Size         Type   Attr      Idx    E Section Name        Object

    0x200001f4        -       0x00000060   Zero   RW          497    .bss                c_w.l(libspace.o)
    0x20000254   0x00001680   0x00000004   PAD
    0x20000258        -       0x00000000   Zero   RW          379    HEAP                startup_tm4c123.o
    0x20000258        -       0x00000200   Zero   RW          378    STACK               startup_tm4c123.o


==============================================================================

Image component sizes


      Code (inc. data)   RO Data    RW Data    ZI Data      Debug   Object Name

      1028        112          0          0          0       1301   dio.o
         0          0         10          0          0       1450   dio_lcfg.o
       740        130          0          0          0       5725   gpt.o
       148         28          0        392          0       6286   gpt_lcfg.o
       360         14          0          0          0       1258   intctrl.o
         0          0          0        102          0        653   intctrl_lcfg.o
       264         38          0          3          0       2353   led.o
        24          0          0          0          0       7235   main.o
      1236         36          0          0          0       1264   port.o
         0          0        344          0          0        466   port_lcfg.o
       276         24        620          0        512       5460   startup_tm4c123.o
       152         40          0          0          0       5201   system_tm4c123.o

    ----------------------------------------------------------------------
      4228        422       1006        500        512      38652   Object Totals
         0          0         32          0          0          0   (incl. Generated)
         0          0          0          3          0          0   (incl. Padding)

    ----------------------------------------------------------------------

      Code (inc. data)   RO Data    RW Data    ZI Data      Debug   Library Member Name

        90          0          0          0          0          0   __dczerorl2.o
         8          0          0          0          0         68   __main.o
         0          0          0          0          0          0   __rtentry.o
        12          0          0          0          0          0   __rtentry2.o
         6          0          0          0          0          0   __rtentry4.o
        52          8          0          0          0          0   __scatter.o
        28          0          0          0          0          0   __scatter_zi.o
        18          0          0          0          0         80   exit.o
         6          0          0          0          0        152   heapauxi.o
         0          0          0          0          0          0   indicate_semi.o
         2          0          0          0          0          0   libinit.o
         6          0          0          0          0          0   libinit2.o
         2          0          0          0          0          0   libshutdown.o
         2          0          0          0          0          0   libshutdown2.o
         8          4          0          0         96         68   libspace.o
         2          0          0          0          0          0   rtexit.o
        10          0          0          0          0          0   rtexit2.o
        12          4          0          0          0         68   sys_exit.o
        74          0          0          0          0         80   sys_stackheap_outer.o
         2          0          0          0          0         68   use_no_semi.o
        10          0          0          0          0        116   fpinit.o

    ----------------------------------------------------------------------
       358         16          0          0        100        700   Library Totals
         8          0          0          0          4          0   (incl. Padding)

    ----------------------------------------------------------------------

      Code (inc. data)   RO Data    RW Data    ZI Data      Debug   Library Name

       340         16          0          0         96        584   c_w.l
        10          0          0          0          0        116   fz_wm.l

    ----------------------------------------------------------------------
       358         16          0          0        100        700   Library Totals

    ----------------------------------------------------------------------

==============================================================================


      Code (inc. data)   RO Data    RW Data    ZI Data      Debug   

      4586        438       1006        500        612      36996   Grand Totals
      4586        438       1006        168        612      36996   ELF Image Totals (compressed)
      4586        438       1006        168          0          0   ROM Totals

==============================================================================

    Total RO  Size (Code + RO Data)                 5592 (   5.46kB)
    Total RW  Size (RW Data + ZI Data)              1112 (   1.09kB)
    Total ROM Size (Code + RO Data + RW Data)       5760 (   5.63kB)

==============================================================================

